Archive member included to satisfy reference by file (symbol)

e:/embeded/imt/imt tools/sdk/imt_sdk_win_64/winarm/armgcc/bin/../lib/gcc/arm-none-eabi/7.2.1/thumb/v7e-m\libgcc.a(_aeabi_ldivmod.o)
                              ./src/HLCD_Program.o (__aeabi_ldivmod)
e:/embeded/imt/imt tools/sdk/imt_sdk_win_64/winarm/armgcc/bin/../lib/gcc/arm-none-eabi/7.2.1/thumb/v7e-m\libgcc.a(_aeabi_uldivmod.o)
                              ./src/HLCD_Program.o (__aeabi_uldivmod)
e:/embeded/imt/imt tools/sdk/imt_sdk_win_64/winarm/armgcc/bin/../lib/gcc/arm-none-eabi/7.2.1/thumb/v7e-m\libgcc.a(_udivmoddi4.o)
                              e:/embeded/imt/imt tools/sdk/imt_sdk_win_64/winarm/armgcc/bin/../lib/gcc/arm-none-eabi/7.2.1/thumb/v7e-m\libgcc.a(_aeabi_ldivmod.o) (__udivmoddi4)
e:/embeded/imt/imt tools/sdk/imt_sdk_win_64/winarm/armgcc/bin/../lib/gcc/arm-none-eabi/7.2.1/thumb/v7e-m\libgcc.a(_dvmd_tls.o)
                              e:/embeded/imt/imt tools/sdk/imt_sdk_win_64/winarm/armgcc/bin/../lib/gcc/arm-none-eabi/7.2.1/thumb/v7e-m\libgcc.a(_aeabi_ldivmod.o) (__aeabi_ldiv0)
e:/embeded/imt/imt tools/sdk/imt_sdk_win_64/winarm/armgcc/bin/../lib/gcc/arm-none-eabi/7.2.1/../../../../arm-none-eabi/lib/thumb/v7e-m\libg_nano.a(lib_a-errno.o)
                              ./system/src/newlib/_sbrk.o (__errno)
e:/embeded/imt/imt tools/sdk/imt_sdk_win_64/winarm/armgcc/bin/../lib/gcc/arm-none-eabi/7.2.1/../../../../arm-none-eabi/lib/thumb/v7e-m\libg_nano.a(lib_a-impure.o)
                              e:/embeded/imt/imt tools/sdk/imt_sdk_win_64/winarm/armgcc/bin/../lib/gcc/arm-none-eabi/7.2.1/../../../../arm-none-eabi/lib/thumb/v7e-m\libg_nano.a(lib_a-errno.o) (_impure_ptr)
e:/embeded/imt/imt tools/sdk/imt_sdk_win_64/winarm/armgcc/bin/../lib/gcc/arm-none-eabi/7.2.1/../../../../arm-none-eabi/lib/thumb/v7e-m\libg_nano.a(lib_a-strlen.o)
                              ./system/src/diag/Trace.o (strlen)
e:/embeded/imt/imt tools/sdk/imt_sdk_win_64/winarm/armgcc/bin/../lib/gcc/arm-none-eabi/7.2.1/../../../../arm-none-eabi/lib/thumb/v7e-m\libg_nano.a(lib_a-vsnprintf.o)
                              ./system/src/diag/Trace.o (vsnprintf)
e:/embeded/imt/imt tools/sdk/imt_sdk_win_64/winarm/armgcc/bin/../lib/gcc/arm-none-eabi/7.2.1/../../../../arm-none-eabi/lib/thumb/v7e-m\libg_nano.a(lib_a-nano-svfprintf.o)
                              e:/embeded/imt/imt tools/sdk/imt_sdk_win_64/winarm/armgcc/bin/../lib/gcc/arm-none-eabi/7.2.1/../../../../arm-none-eabi/lib/thumb/v7e-m\libg_nano.a(lib_a-vsnprintf.o) (_svfprintf_r)
e:/embeded/imt/imt tools/sdk/imt_sdk_win_64/winarm/armgcc/bin/../lib/gcc/arm-none-eabi/7.2.1/../../../../arm-none-eabi/lib/thumb/v7e-m\libg_nano.a(lib_a-nano-vfprintf_i.o)
                              e:/embeded/imt/imt tools/sdk/imt_sdk_win_64/winarm/armgcc/bin/../lib/gcc/arm-none-eabi/7.2.1/../../../../arm-none-eabi/lib/thumb/v7e-m\libg_nano.a(lib_a-nano-svfprintf.o) (_printf_i)
e:/embeded/imt/imt tools/sdk/imt_sdk_win_64/winarm/armgcc/bin/../lib/gcc/arm-none-eabi/7.2.1/../../../../arm-none-eabi/lib/thumb/v7e-m\libg_nano.a(lib_a-memchr.o)
                              e:/embeded/imt/imt tools/sdk/imt_sdk_win_64/winarm/armgcc/bin/../lib/gcc/arm-none-eabi/7.2.1/../../../../arm-none-eabi/lib/thumb/v7e-m\libg_nano.a(lib_a-nano-svfprintf.o) (memchr)
e:/embeded/imt/imt tools/sdk/imt_sdk_win_64/winarm/armgcc/bin/../lib/gcc/arm-none-eabi/7.2.1/../../../../arm-none-eabi/lib/thumb/v7e-m\libg_nano.a(lib_a-memcpy-stub.o)
                              e:/embeded/imt/imt tools/sdk/imt_sdk_win_64/winarm/armgcc/bin/../lib/gcc/arm-none-eabi/7.2.1/../../../../arm-none-eabi/lib/thumb/v7e-m\libg_nano.a(lib_a-nano-svfprintf.o) (memcpy)
e:/embeded/imt/imt tools/sdk/imt_sdk_win_64/winarm/armgcc/bin/../lib/gcc/arm-none-eabi/7.2.1/../../../../arm-none-eabi/lib/thumb/v7e-m\libg_nano.a(lib_a-memmove.o)
                              e:/embeded/imt/imt tools/sdk/imt_sdk_win_64/winarm/armgcc/bin/../lib/gcc/arm-none-eabi/7.2.1/../../../../arm-none-eabi/lib/thumb/v7e-m\libg_nano.a(lib_a-nano-svfprintf.o) (memmove)
e:/embeded/imt/imt tools/sdk/imt_sdk_win_64/winarm/armgcc/bin/../lib/gcc/arm-none-eabi/7.2.1/../../../../arm-none-eabi/lib/thumb/v7e-m\libg_nano.a(lib_a-nano-freer.o)
                              e:/embeded/imt/imt tools/sdk/imt_sdk_win_64/winarm/armgcc/bin/../lib/gcc/arm-none-eabi/7.2.1/../../../../arm-none-eabi/lib/thumb/v7e-m\libg_nano.a(lib_a-nano-svfprintf.o) (_free_r)
e:/embeded/imt/imt tools/sdk/imt_sdk_win_64/winarm/armgcc/bin/../lib/gcc/arm-none-eabi/7.2.1/../../../../arm-none-eabi/lib/thumb/v7e-m\libg_nano.a(lib_a-nano-mallocr.o)
                              e:/embeded/imt/imt tools/sdk/imt_sdk_win_64/winarm/armgcc/bin/../lib/gcc/arm-none-eabi/7.2.1/../../../../arm-none-eabi/lib/thumb/v7e-m\libg_nano.a(lib_a-nano-svfprintf.o) (_malloc_r)
e:/embeded/imt/imt tools/sdk/imt_sdk_win_64/winarm/armgcc/bin/../lib/gcc/arm-none-eabi/7.2.1/../../../../arm-none-eabi/lib/thumb/v7e-m\libg_nano.a(lib_a-nano-reallocr.o)
[...]
Memory Configuration

Name             Origin             Length             Attributes
RAM              0x20000000         0x00010000         xrw
CCMRAM           0x10000000         0x00000000         xrw
FLASH            0x08000000         0x00040000         xr
FLASHB1          0x00000000         0x00000000         xr
EXTMEMB0         0x00000000         0x00000000         xr
EXTMEMB1         0x00000000         0x00000000         xr
EXTMEMB2         0x00000000         0x00000000         xr
EXTMEMB3         0x00000000         0x00000000         xr
*default*        0x00000000         0xffffffff

Linker script and memory map

LOAD ./system/src/stm32f4-hal/stm32f4xx_hal.o
LOAD ./system/src/stm32f4-hal/stm32f4xx_hal_cortex.o
LOAD ./system/src/stm32f4-hal/stm32f4xx_hal_dfsdm.o
LOAD ./system/src/stm32f4-hal/stm32f4xx_hal_flash.o
LOAD ./system/src/stm32f4-hal/stm32f4xx_hal_gpio.o
LOAD ./system/src/stm32f4-hal/stm32f4xx_hal_iwdg.o
LOAD ./system/src/stm32f4-hal/stm32f4xx_hal_pwr.o
LOAD ./system/src/stm32f4-hal/stm32f4xx_hal_rcc.o
LOAD ./system/src/newlib/_cxx.o
LOAD ./system/src/newlib/_exit.o
LOAD ./system/src/newlib/_sbrk.o
LOAD ./system/src/newlib/_startup.o
LOAD ./system/src/newlib/_syscalls.o
LOAD ./system/src/newlib/assert.o
LOAD ./system/src/diag/Trace.o
LOAD ./system/src/diag/trace_impl.o
LOAD ./system/src/cortexm/_initialize_hardware.o
LOAD ./system/src/cortexm/_reset_hardware.o
LOAD ./system/src/cortexm/exception_handlers.o
LOAD ./system/src/cmsis/system_stm32f4xx.o
LOAD ./system/src/cmsis/vectors_stm32f401xc.o
LOAD ./src/AHEXAPARING_Program.o
LOAD ./src/HDAC_Program.o
LOAD ./src/HIR_Program.o
LOAD ./src/HKEYPAD_Program.o
LOAD ./src/HLCD_Program.o
LOAD ./src/HLED_MATRIX_Program.o
LOAD ./src/HS2P_Program.o
LOAD ./src/HTFT_Program.o
LOAD ./src/MDMA_Program.o
LOAD ./src/MEXTI_Config.o
LOAD ./src/MEXTI_Program.o
LOAD ./src/MFDI_Program.o
LOAD ./src/MGPIO_Program.o
LOAD ./src/MNVIC.Program.o
LOAD ./src/MRCC_Program.o
LOAD ./src/MSPI_Program.o
LOAD ./src/MSYSTICK_Program.o
LOAD ./src/MUSART_Program.o
LOAD ./src/_initialize_hardware.o
LOAD ./src/_write.o
LOAD ./src/main.o
LOAD ./src/stm32f4xx_hal_msp.o
LOAD e:/embeded/imt/imt tools/sdk/imt_sdk_win_64/winarm/armgcc/bin/../lib/gcc/arm-none-eabi/7.2.1/../../../../arm-none-eabi/lib/thumb/v7e-m\libstdc++_nano.a
LOAD e:/embeded/imt/imt tools/sdk/imt_sdk_win_64/winarm/armgcc/bin/../lib/gcc/arm-none-eabi/7.2.1/../../../../arm-none-eabi/lib/thumb/v7e-m\libm.a
START GROUP
LOAD e:/embeded/imt/imt tools/sdk/imt_sdk_win_64/winarm/armgcc/bin/../lib/gcc/arm-none-eabi/7.2.1/thumb/v7e-m\libgcc.a
LOAD e:/embeded/imt/imt tools/sdk/imt_sdk_win_64/winarm/armgcc/bin/../lib/gcc/arm-none-eabi/7.2.1/../../../../arm-none-eabi/lib/thumb/v7e-m\libg_nano.a
LOAD e:/embeded/imt/imt tools/sdk/imt_sdk_win_64/winarm/armgcc/bin/../lib/gcc/arm-none-eabi/7.2.1/../../../../arm-none-eabi/lib/thumb/v7e-m\libc_nano.a
END GROUP
START GROUP
LOAD e:/embeded/imt/imt tools/sdk/imt_sdk_win_64/winarm/armgcc/bin/../lib/gcc/arm-none-eabi/7.2.1/thumb/v7e-m\libgcc.a
LOAD e:/embeded/imt/imt tools/sdk/imt_sdk_win_64/winarm/armgcc/bin/../lib/gcc/arm-none-eabi/7.2.1/../../../../arm-none-eabi/lib/thumb/v7e-m\libc_nano.a
END GROUP
                0x20010000                __stack = (ORIGIN (RAM) + LENGTH (RAM))
                0x20010000                _estack = __stack
                0x00000400                __Main_Stack_Size = 0x400
                [!provide]                PROVIDE (_Main_Stack_Size, __Main_Stack_Size)
                0x2000fc00                __Main_Stack_Limit = (__stack - __Main_Stack_Size)
                [!provide]                PROVIDE (_Main_Stack_Limit, __Main_Stack_Limit)
                0x00000100                _Minimum_Stack_Size = 0x100
                0x20000264                PROVIDE (_Heap_Begin, _end_noinit)
                0x2000fc00                PROVIDE (_Heap_Limit, (__stack - __Main_Stack_Size))

.isr_vector     0x08000000      0x3f4
 FILL mask 0xff
                0x08000000                __vectors_start = ABSOLUTE (.)
                0x08000000                __vectors_start__ = ABSOLUTE (.)
 *(.isr_vector)
 .isr_vector    0x08000000      0x194 ./system/src/cmsis/vectors_stm32f401xc.o
                0x08000000                __isr_vectors
 *(.cfmconfig)
 *(.after_vectors .after_vectors.*)
 .after_vectors
                0x08000194      0x130 ./system/src/newlib/_startup.o
                0x08000194                _start
 .after_vectors
                0x080002c4      0x12c ./system/src/cortexm/exception_handlers.o
                0x080002c4                Reset_Handler
                0x080002ca                NMI_Handler
                0x080002ce                HardFault_Handler
                0x080002e2                HardFault_Handler_C
                0x08000340                MemManage_Handler
                0x08000344                BusFault_Handler
                0x08000358                BusFault_Handler_C
                0x0800038c                UsageFault_Handler
                0x080003a0                UsageFault_Handler_C
                0x080003d4                SVC_Handler
                0x080003d8                DebugMon_Handler
                0x080003dc                PendSV_Handler
 .after_vectors
                0x080003f0        0x4 ./system/src/cmsis/vectors_stm32f401xc.o
                0x080003f0                RTC_Alarm_IRQHandler
                0x080003f0                SPI4_IRQHandler
                0x080003f0                TIM1_CC_IRQHandler
                0x080003f0                DMA1_Stream5_IRQHandler
                0x080003f0                PVD_IRQHandler
                0x080003f0                SDIO_IRQHandler
                0x080003f0                TAMP_STAMP_IRQHandler
                0x080003f0                TIM1_UP_TIM10_IRQHandler
                0x080003f0                I2C3_ER_IRQHandler
                0x080003f0                I2C2_EV_IRQHandler
                0x080003f0                DMA1_Stream2_IRQHandler
                0x080003f0                FPU_IRQHandler
                0x080003f0                TIM1_BRK_TIM9_IRQHandler
                0x080003f0                TIM4_IRQHandler
                0x080003f0                I2C1_EV_IRQHandler
                0x080003f0                DMA1_Stream6_IRQHandler
                0x080003f0                DMA1_Stream1_IRQHandler
                0x080003f0                TIM3_IRQHandler
                0x080003f0                RCC_IRQHandler
                0x080003f0                Default_Handler
                0x080003f0                EXTI15_10_IRQHandler
                0x080003f0                ADC_IRQHandler
                0x080003f0                DMA1_Stream7_IRQHandler
                0x080003f0                TIM5_IRQHandler
                0x080003f0                I2C3_EV_IRQHandler
                0x080003f0                EXTI9_5_IRQHandler
                0x080003f0                RTC_WKUP_IRQHandler
                0x080003f0                DMA1_Stream0_IRQHandler
                0x080003f0                WWDG_IRQHandler
                0x080003f0                TIM2_IRQHandler
                0x080003f0                OTG_FS_WKUP_IRQHandler
                0x080003f0                TIM1_TRG_COM_TIM11_IRQHandler
                0x080003f0                I2C2_ER_IRQHandler
                0x080003f0                FLASH_IRQHandler
                0x080003f0                OTG_FS_IRQHandler
                0x080003f0                DMA1_Stream4_IRQHandler
                0x080003f0                I2C1_ER_IRQHandler
                0x080003f0                DMA1_Stream3_IRQHandler

.inits          0x080003f4       0x28
                0x080003f4                __data_regions_array_start = .
                0x080003f4        0x4 LONG 0x80022cc LOADADDR (.data)
                0x080003f8        0x4 LONG 0x20000000 ADDR (.data)
                0x080003fc        0x4 LONG 0x2000007c (ADDR (.data) + SIZEOF (.data))
                0x08000400        0x4 LONG 0x80022cc LOADADDR (.data_CCMRAM)
                0x08000404        0x4 LONG 0x10000000 ADDR (.data_CCMRAM)
                0x08000408        0x4 LONG 0x10000000 (ADDR (.data_CCMRAM) + SIZEOF (.data_CCMRAM))
                0x0800040c                __data_regions_array_end = .
                0x0800040c                __bss_regions_array_start = .
                0x0800040c        0x4 LONG 0x2000007c ADDR (.bss)
                0x08000410        0x4 LONG 0x20000264 (ADDR (.bss) + SIZEOF (.bss))
                0x08000414        0x4 LONG 0x10000000 ADDR (.bss_CCMRAM)
                0x08000418        0x4 LONG 0x10000000 (ADDR (.bss_CCMRAM) + SIZEOF (.bss_CCMRAM))
                0x0800041c                __bss_regions_array_end = .
 *(.init)
 *(.fini)
                0x0800041c                . = ALIGN (0x4)
                0x0800041c                PROVIDE (__preinit_array_start, .)
 *(.preinit_array_sysinit .preinit_array_sysinit.*)
 *(.preinit_array_platform .preinit_array_platform.*)
 *(.preinit_array .preinit_array.*)
                0x0800041c                PROVIDE (__preinit_array_end, .)
                0x0800041c                . = ALIGN (0x4)
                0x0800041c                PROVIDE (__init_array_start, .)
 *(SORT_BY_NAME(.init_array.*))
 *(.init_array)
                0x0800041c                PROVIDE (__init_array_end, .)
                0x0800041c                . = ALIGN (0x4)
                0x0800041c                PROVIDE (__fini_array_start, .)
 *(SORT_BY_NAME(.fini_array.*))
 *(.fini_array)
                0x0800041c                PROVIDE (__fini_array_end, .)

.flashtext
 *(.flashtext .flashtext.*)

.text           0x08000420     0x1eab
 *(.text .text.*)
 .text.HAL_InitTick
                0x08000420       0x2c ./system/src/stm32f4-hal/stm32f4xx_hal.o
                0x08000420                HAL_InitTick
 .text.HAL_Init
                0x0800044c       0x34 ./system/src/stm32f4-hal/stm32f4xx_hal.o
                0x0800044c                HAL_Init
 .text.HAL_GetTick
                0x08000480        0xc ./system/src/stm32f4-hal/stm32f4xx_hal.o
                0x08000480                HAL_GetTick
 .text.HAL_NVIC_SetPriorityGrouping
                0x0800048c       0x3c ./system/src/stm32f4-hal/stm32f4xx_hal_cortex.o
                0x0800048c                HAL_NVIC_SetPriorityGrouping
 .text.HAL_NVIC_SetPriority
                0x080004c8       0x8c ./system/src/stm32f4-hal/stm32f4xx_hal_cortex.o
                0x080004c8                HAL_NVIC_SetPriority
 .text.HAL_SYSTICK_Config
                0x08000554       0x2c ./system/src/stm32f4-hal/stm32f4xx_hal_cortex.o
                0x08000554                HAL_SYSTICK_Config
 .text.HAL_SYSTICK_CLKSourceConfig
                0x08000580       0x3c ./system/src/stm32f4-hal/stm32f4xx_hal_cortex.o
                0x08000580                HAL_SYSTICK_CLKSourceConfig
 .text.HAL_RCC_OscConfig
                0x080005bc      0x43c ./system/src/stm32f4-hal/stm32f4xx_hal_rcc.o
                0x080005bc                HAL_RCC_OscConfig
 .text.HAL_RCC_GetSysClockFreq
                0x080009f8       0x94 ./system/src/stm32f4-hal/stm32f4xx_hal_rcc.o
                0x080009f8                HAL_RCC_GetSysClockFreq
 .text.HAL_RCC_ClockConfig
                0x08000a8c      0x258 ./system/src/stm32f4-hal/stm32f4xx_hal_rcc.o
                0x08000a8c                HAL_RCC_ClockConfig
 .text.HAL_RCC_GetHCLKFreq
                0x08000ce4        0xc ./system/src/stm32f4-hal/stm32f4xx_hal_rcc.o
                0x08000ce4                HAL_RCC_GetHCLKFreq
 .text._exit    0x08000cf0        0x2 ./system/src/newlib/_exit.o
                0x08000cf0                _exit
 *fill*         0x08000cf2        0x2 
 .text.abort    0x08000cf4       0x14 ./system/src/newlib/_exit.o
                0x08000cf4                abort
 .text._sbrk    0x08000d08       0x44 ./system/src/newlib/_sbrk.o
                0x08000d08                _sbrk
 .text.__initialize_args
                0x08000d4c       0x10 ./system/src/newlib/_syscalls.o
                0x08000d4c                __initialize_args
 .text.assert_failed
                0x08000d5c       0x14 ./system/src/newlib/assert.o
                0x08000d5c                assert_failed
 .text.trace_printf
                0x08000d70       0x30 ./system/src/diag/Trace.o
                0x08000d70                trace_printf
 .text.trace_puts
                0x08000da0       0x20 ./system/src/diag/Trace.o
                0x08000da0                trace_puts
 .text._trace_write_semihosting_debug
                0x08000dc0       0x60 ./system/src/diag/trace_impl.o
 .text.trace_write
                0x08000e20        0x8 ./system/src/diag/trace_impl.o
                0x08000e20                trace_write
 .text.__initialize_hardware_early
                0x08000e28       0x18 ./system/src/cortexm/_initialize_hardware.o
                0x08000e28                __initialize_hardware_early
 .text.dumpExceptionStack
                0x08000e40       0xf4 ./system/src/cortexm/exception_handlers.o
                0x08000e40                dumpExceptionStack
 .text.isSemihosting
                0x08000f34       0x20 ./system/src/cortexm/exception_handlers.o
                0x08000f34                isSemihosting
 .text.SystemInit
                0x08000f54       0x40 ./system/src/cmsis/system_stm32f4xx.o
                0x08000f54                SystemInit
 .text.SystemCoreClockUpdate
                0x08000f94       0xa0 ./system/src/cmsis/system_stm32f4xx.o
                0x08000f94                SystemCoreClockUpdate
 .text.Ascii_u8ToHex
                0x08001034       0x14 ./src/AHEXAPARING_Program.o
 .text.Hexa_voidParsData
                0x08001048       0xc4 ./src/AHEXAPARING_Program.o
                0x08001048                Hexa_voidParsData
 .text.Parse_voidRecord
                0x0800110c       0x10 ./src/AHEXAPARING_Program.o
                0x0800110c                Parse_voidRecord
 .text.DMA2_Stream0_IRQHandler
                0x0800111c       0x10 ./src/MDMA_Program.o
                0x0800111c                DMA2_Stream0_IRQHandler
 .text.DMA2_Stream1_IRQHandler
                0x0800112c       0x10 ./src/MDMA_Program.o
                0x0800112c                DMA2_Stream1_IRQHandler
 .text.DMA2_Stream2_IRQHandler
                0x0800113c       0x10 ./src/MDMA_Program.o
                0x0800113c                DMA2_Stream2_IRQHandler
 .text.DMA2_Stream3_IRQHandler
                0x0800114c       0x10 ./src/MDMA_Program.o
                0x0800114c                DMA2_Stream3_IRQHandler
 .text.DMA2_Stream4_IRQHandler
                0x0800115c       0x10 ./src/MDMA_Program.o
                0x0800115c                DMA2_Stream4_IRQHandler
 .text.DMA2_Stream5_IRQHandler
                0x0800116c       0x10 ./src/MDMA_Program.o
                0x0800116c                DMA2_Stream5_IRQHandler
 .text.DMA2_Stream6_IRQHandler
                0x0800117c       0x10 ./src/MDMA_Program.o
                0x0800117c                DMA2_Stream6_IRQHandler
 .text.DMA2_Stream7_IRQHandler
                0x0800118c       0x10 ./src/MDMA_Program.o
                0x0800118c                DMA2_Stream7_IRQHandler
 .text.EXTI0_IRQHandler
                0x0800119c       0x20 ./src/MEXTI_Program.o
                0x0800119c                EXTI0_IRQHandler
 .text.EXTI1_IRQHandler
                0x080011bc       0x20 ./src/MEXTI_Program.o
                0x080011bc                EXTI1_IRQHandler
 .text.EXTI2_IRQHandler
                0x080011dc       0x20 ./src/MEXTI_Program.o
                0x080011dc                EXTI2_IRQHandler
 .text.EXTI3_IRQHandler
                0x080011fc       0x20 ./src/MEXTI_Program.o
                0x080011fc                EXTI3_IRQHandler
 .text.EXTI4_IRQHandler
                0x0800121c       0x20 ./src/MEXTI_Program.o
                0x0800121c                EXTI4_IRQHandler
 .text.MFDI_voidWrite
                0x0800123c       0x7c ./src/MFDI_Program.o
                0x0800123c                MFDI_voidWrite
 .text.MRCC_voidInit
                0x080012b8       0x30 ./src/MRCC_Program.o
                0x080012b8                MRCC_voidInit
 .text.MRCC_voidEnablePeripheral
                0x080012e8       0x6c ./src/MRCC_Program.o
                0x080012e8                MRCC_voidEnablePeripheral
 .text.SPI1_IRQHandler
                0x08001354       0x58 ./src/MSPI_Program.o
                0x08001354                SPI1_IRQHandler
 .text.SPI2_IRQHandler
                0x080013ac       0x58 ./src/MSPI_Program.o
                0x080013ac                SPI2_IRQHandler
 .text.SPI3_IRQHandler
                0x08001404       0x58 ./src/MSPI_Program.o
                0x08001404                SPI3_IRQHandler
 .text.SysTick_Handler
                0x0800145c       0x44 ./src/MSYSTICK_Program.o
                0x0800145c                SysTick_Handler
 .text.USART1_IRQHandler
                0x080014a0       0x9c ./src/MUSART_Program.o
                0x080014a0                USART1_IRQHandler
 .text.USART2_IRQHandler
                0x0800153c       0x9c ./src/MUSART_Program.o
                0x0800153c                USART2_IRQHandler
 .text.USART6_IRQHandler
                0x080015d8       0x9c ./src/MUSART_Program.o
                0x080015d8                USART6_IRQHandler
 .text.SystemClock_Config
                0x08001674       0x98 ./src/_initialize_hardware.o
                0x08001674                SystemClock_Config
 .text.__initialize_hardware
                0x0800170c       0x10 ./src/_initialize_hardware.o
                0x0800170c                __initialize_hardware
 .text.main     0x0800171c       0x3c ./src/main.o
                0x0800171c                main
 .text.HAL_MspInit
                0x08001758        0x2 ./src/stm32f4xx_hal_msp.o
                0x08001758                HAL_MspInit
 *fill*         0x0800175a        0x2 
 .text.__errno  0x0800175c        0xc e:/embeded/imt/imt tools/sdk/imt_sdk_win_64/winarm/armgcc/bin/../lib/gcc/arm-none-eabi/7.2.1/../../../../arm-none-eabi/lib/thumb/v7e-m\libg_nano.a(lib_a-errno.o)
                0x0800175c                __errno
 .text          0x08001768       0x10 e:/embeded/imt/imt tools/sdk/imt_sdk_win_64/winarm/armgcc/bin/../lib/gcc/arm-none-eabi/7.2.1/../../../../arm-none-eabi/lib/thumb/v7e-m\libg_nano.a(lib_a-strlen.o)
                0x08001768                strlen
 .text._vsnprintf_r
                0x08001778       0x58 e:/embeded/imt/imt tools/sdk/imt_sdk_win_64/winarm/armgcc/bin/../lib/gcc/arm-none-eabi/7.2.1/../../../../arm-none-eabi/lib/thumb/v7e-m\libg_nano.a(lib_a-vsnprintf.o)
                0x08001778                _vsniprintf_r
                0x08001778                _vsnprintf_r
 .text.vsnprintf
                0x080017d0       0x1c e:/embeded/imt/imt tools/sdk/imt_sdk_win_64/winarm/armgcc/bin/../lib/gcc/arm-none-eabi/7.2.1/../../../../arm-none-eabi/lib/thumb/v7e-m\libg_nano.a(lib_a-vsnprintf.o)
                0x080017d0                vsniprintf
                0x080017d0                vsnprintf
 .text.__ssputs_r
                0x080017ec       0xb4 e:/embeded/imt/imt tools/sdk/imt_sdk_win_64/winarm/armgcc/bin/../lib/gcc/arm-none-eabi/7.2.1/../../../../arm-none-eabi/lib/thumb/v7e-m\libg_nano.a(lib_a-nano-svfprintf.o)
                0x080017ec                __ssputs_r
 .text._svfprintf_r
                0x080018a0      0x1ec e:/embeded/imt/imt tools/sdk/imt_sdk_win_64/winarm/armgcc/bin/../lib/gcc/arm-none-eabi/7.2.1/../../../../arm-none-eabi/lib/thumb/v7e-m\libg_nano.a(lib_a-nano-svfprintf.o)
                0x080018a0                _svfiprintf_r
                0x080018a0                _svfprintf_r
 .text._printf_common
                0x08001a8c       0xea e:/embeded/imt/imt tools/sdk/imt_sdk_win_64/winarm/armgcc/bin/../lib/gcc/arm-none-eabi/7.2.1/../../../../arm-none-eabi/lib/thumb/v7e-m\libg_nano.a(lib_a-nano-vfprintf_i.o)
                0x08001a8c                _printf_common
 *fill*         0x08001b76        0x2 
 .text._printf_i
                0x08001b78      0x224 e:/embeded/imt/imt tools/sdk/imt_sdk_win_64/winarm/armgcc/bin/../lib/gcc/arm-none-eabi/7.2.1/../../../../arm-none-eabi/lib/thumb/v7e-m\libg_nano.a(lib_a-nano-vfprintf_i.o)
                0x08001b78                _printf_i
 *fill*         0x08001d9c        0x4 
 .text          0x08001da0       0xa0 e:/embeded/imt/imt tools/sdk/imt_sdk_win_64/winarm/armgcc/bin/../lib/gcc/arm-none-eabi/7.2.1/../../../../arm-none-eabi/lib/thumb/v7e-m\libg_nano.a(lib_a-memchr.o)
                0x08001da0                memchr
 .text.memcpy   0x08001e40       0x16 e:/embeded/imt/imt tools/sdk/imt_sdk_win_64/winarm/armgcc/bin/../lib/gcc/arm-none-eabi/7.2.1/../../../../arm-none-eabi/lib/thumb/v7e-m\libg_nano.a(lib_a-memcpy-stub.o)
                0x08001e40                memcpy
 .text.memmove  0x08001e56       0x32 e:/embeded/imt/imt tools/sdk/imt_sdk_win_64/winarm/armgcc/bin/../lib/gcc/arm-none-eabi/7.2.1/../../../../arm-none-eabi/lib/thumb/v7e-m\libg_nano.a(lib_a-memmove.o)
                0x08001e56                memmove
 .text._free_r  0x08001e88       0x9c e:/embeded/imt/imt tools/sdk/imt_sdk_win_64/winarm/armgcc/bin/../lib/gcc/arm-none-eabi/7.2.1/../../../../arm-none-eabi/lib/thumb/v7e-m\libg_nano.a(lib_a-nano-freer.o)
                0x08001e88                _free_r
 .text._malloc_r
                0x08001f24       0xb4 e:/embeded/imt/imt tools/sdk/imt_sdk_win_64/winarm/armgcc/bin/../lib/gcc/arm-none-eabi/7.2.1/../../../../arm-none-eabi/lib/thumb/v7e-m\libg_nano.a(lib_a-nano-mallocr.o)
                0x08001f24                _malloc_r
 .text._realloc_r
                0x08001fd8       0x4c e:/embeded/imt/imt tools/sdk/imt_sdk_win_64/winarm/armgcc/bin/../lib/gcc/arm-none-eabi/7.2.1/../../../../arm-none-eabi/lib/thumb/v7e-m\libg_nano.a(lib_a-nano-reallocr.o)
                0x08001fd8                _realloc_r
 .text._sbrk_r  0x08002024       0x20 e:/embeded/imt/imt tools/sdk/imt_sdk_win_64/winarm/armgcc/bin/../lib/gcc/arm-none-eabi/7.2.1/../../../../arm-none-eabi/lib/thumb/v7e-m\libg_nano.a(lib_a-sbrkr.o)
                0x08002024                _sbrk_r
 .text.__malloc_lock
                0x08002044        0x2 e:/embeded/imt/imt tools/sdk/imt_sdk_win_64/winarm/armgcc/bin/../lib/gcc/arm-none-eabi/7.2.1/../../../../arm-none-eabi/lib/thumb/v7e-m\libg_nano.a(lib_a-mlock.o)
                0x08002044                __malloc_lock
 .text.__malloc_unlock
                0x08002046        0x2 e:/embeded/imt/imt tools/sdk/imt_sdk_win_64/winarm/armgcc/bin/../lib/gcc/arm-none-eabi/7.2.1/../../../../arm-none-eabi/lib/thumb/v7e-m\libg_nano.a(lib_a-mlock.o)
                0x08002046                __malloc_unlock
 .text._malloc_usable_size_r
                0x08002048       0x10 e:/embeded/imt/imt tools/sdk/imt_sdk_win_64/winarm/armgcc/bin/../lib/gcc/arm-none-eabi/7.2.1/../../../../arm-none-eabi/lib/thumb/v7e-m\libg_nano.a(lib_a-nano-msizer.o)
                0x08002048                _malloc_usable_size_r
 *(.rodata .rodata.* .constdata .constdata.*)
 .rodata.HAL_NVIC_SetPriorityGrouping.str1.4
                0x08002058       0x31 ./system/src/stm32f4-hal/stm32f4xx_hal_cortex.o
 *fill*         0x08002089        0x3 
 .rodata.APBAHBPrescTable
                0x0800208c       0x10 ./system/src/stm32f4-hal/stm32f4xx_hal_rcc.o
                0x0800208c                APBAHBPrescTable
 .rodata.HAL_RCC_OscConfig.str1.4
                0x0800209c       0x2e ./system/src/stm32f4-hal/stm32f4xx_hal_rcc.o
 *fill*         0x080020ca        0x2 
 .rodata.abort.str1.4
                0x080020cc       0x14 ./system/src/newlib/_exit.o
 .rodata.assert_failed.str1.4
                0x080020e0       0x2b ./system/src/newlib/assert.o
 .rodata.trace_puts.str1.4
                0x0800210b       0x2b ./system/src/diag/Trace.o
                                  0x2 (size before relaxing)
 *fill*         0x0800210b        0x1 
 .rodata.dumpExceptionStack.str1.4
                0x0800210c      0x11a ./system/src/cortexm/exception_handlers.o
 *fill*         0x08002226        0x2 
 .rodata.str1.4
                0x08002228       0x2a ./system/src/cortexm/exception_handlers.o
 *fill*         0x08002252        0x2 
 .rodata.AHBPrescTable
                0x08002254       0x10 ./system/src/cmsis/system_stm32f4xx.o
                0x08002254                AHBPrescTable
 .rodata        0x08002264        0x6 ./src/main.o
 *fill*         0x0800226a        0x2 
 .rodata.main.str1.4
                0x0800226c       0x2c ./src/main.o
 .rodata._svfprintf_r.str1.1
                0x08002298       0x11 e:/embeded/imt/imt tools/sdk/imt_sdk_win_64/winarm/armgcc/bin/../lib/gcc/arm-none-eabi/7.2.1/../../../../arm-none-eabi/lib/thumb/v7e-m\libg_nano.a(lib_a-nano-svfprintf.o)
 .rodata._printf_i.str1.1
                0x080022a9       0x22 e:/embeded/imt/imt tools/sdk/imt_sdk_win_64/winarm/armgcc/bin/../lib/gcc/arm-none-eabi/7.2.1/../../../../arm-none-eabi/lib/thumb/v7e-m\libg_nano.a(lib_a-nano-vfprintf_i.o)
 *(vtable)
 *(.eh_frame*)
 *(.glue_7)
 .glue_7        0x080022cb        0x0 linker stubs
 *(.glue_7t)
 .glue_7t       0x080022cb        0x0 linker stubs

.vfp11_veneer   0x080022cc        0x0
 .vfp11_veneer  0x080022cc        0x0 linker stubs

.v4_bx          0x080022cc        0x0
 .v4_bx         0x080022cc        0x0 linker stubs

.iplt           0x080022cc        0x0
 .iplt          0x080022cc        0x0 ./system/src/stm32f4-hal/stm32f4xx_hal.o

.rel.dyn        0x080022cc        0x0
 .rel.iplt      0x080022cc        0x0 ./system/src/stm32f4-hal/stm32f4xx_hal.o

.ARM.extab
 *(.ARM.extab* .gnu.linkonce.armextab.*)
                0x080022cc                . = ALIGN (0x4)
                0x080022cc                __exidx_start = .

.ARM.exidx
 *(.ARM.exidx* .gnu.linkonce.armexidx.*)
                0x080022cc                __exidx_end = .
                0x080022cc                . = ALIGN (0x4)
                0x080022cc                _etext = .
                0x080022cc                __etext = .

.data_CCMRAM    0x10000000        0x0 load address 0x080022cc
 FILL mask 0xff
 *(.data.CCMRAM .data.CCMRAM.*)
                0x10000000                . = ALIGN (0x4)
                0x080022cc                _sidata = LOADADDR (.data)

.data           0x20000000       0x7c load address 0x080022cc
 FILL mask 0xff
                0x20000000                _sdata = .
                0x20000000                __data_start__ = .
 *(.data_begin .data_begin.*)
 .data_begin    0x20000000        0x4 ./system/src/newlib/_startup.o
 *(.data .data.*)
 .data.argv.4310
                0x20000004        0x8 ./system/src/newlib/_syscalls.o
 .data.SystemCoreClock
                0x2000000c        0x4 ./system/src/cmsis/system_stm32f4xx.o
                0x2000000c                SystemCoreClock
 .data.Global_u32CompleteAddress
                0x20000010        0x4 ./src/AHEXAPARING_Program.o
                0x20000010                Global_u32CompleteAddress
 .data._impure_ptr
                0x20000014        0x4 e:/embeded/imt/imt tools/sdk/imt_sdk_win_64/winarm/armgcc/bin/../lib/gcc/arm-none-eabi/7.2.1/../../../../arm-none-eabi/lib/thumb/v7e-m\libg_nano.a(lib_a-impure.o)
                0x20000014                _impure_ptr
 .data.impure_data
                0x20000018       0x60 e:/embeded/imt/imt tools/sdk/imt_sdk_win_64/winarm/armgcc/bin/../lib/gcc/arm-none-eabi/7.2.1/../../../../arm-none-eabi/lib/thumb/v7e-m\libg_nano.a(lib_a-impure.o)
 *(.data_end .data_end.*)
 .data_end      0x20000078        0x4 ./system/src/newlib/_startup.o
                0x2000007c                . = ALIGN (0x4)
                0x2000007c                _edata = .
                0x2000007c                __data_end__ = .

.igot.plt       0x2000007c        0x0 load address 0x08002348
 .igot.plt      0x2000007c        0x0 ./system/src/stm32f4-hal/stm32f4xx_hal.o

.bss_CCMRAM     0x10000000        0x0
 *(.bss.CCMRAM .bss.CCMRAM.*)

.bss            0x2000007c      0x1e8
                0x2000007c                __bss_start__ = .
                0x2000007c                _sbss = .
 *(.bss_begin .bss_begin.*)
 .bss_begin     0x2000007c        0x4 ./system/src/newlib/_startup.o
 *(.bss .bss.*)
 .bss.current_heap_end.3961
                0x20000080        0x4 ./system/src/newlib/_sbrk.o
 .bss.name.4309
                0x20000084        0x1 ./system/src/newlib/_syscalls.o
 *fill*         0x20000085        0x3 
 .bss.buf.5205  0x20000088       0x80 ./system/src/diag/Trace.o
 .bss.DMA2_setCallBack
                0x20000108       0x20 ./src/MDMA_Program.o
 .bss.MEXTI_callBack
                0x20000128       0x40 ./src/MEXTI_Program.o
 .bss.SPI_pu8RData
                0x20000168        0x4 ./src/MSPI_Program.o
 .bss.SPI_pu8TData
                0x2000016c        0x4 ./src/MSPI_Program.o
 .bss.SPI_u8BufferSize
                0x20000170        0x1 ./src/MSPI_Program.o
 .bss.SPI_u8Index
                0x20000171        0x1 ./src/MSPI_Program.o
 .bss.SPI_u8State
                0x20000172        0x1 ./src/MSPI_Program.o
 .bss.Global_u8StateFlag
                0x20000173        0x1 ./src/MSYSTICK_Program.o
 .bss.MSYSTICK_callBack
                0x20000174        0x4 ./src/MSYSTICK_Program.o
 .bss.USART_pu8ReceiveData
                0x20000178        0x4 ./src/MUSART_Program.o
 .bss.USART_pu8SendData
                0x2000017c        0x4 ./src/MUSART_Program.o
 .bss.USART_pvNotificationFunc
                0x20000180        0x4 ./src/MUSART_Program.o
 .bss.USART_u8BufferSize
                0x20000184        0x1 ./src/MUSART_Program.o
 .bss.USART_u8Index
                0x20000185        0x1 ./src/MUSART_Program.o
 .bss.USART_u8State
                0x20000186        0x1 ./src/MUSART_Program.o
 *fill*         0x20000187        0x1 
 .bss.__malloc_free_list
                0x20000188        0x4 e:/embeded/imt/imt tools/sdk/imt_sdk_win_64/winarm/armgcc/bin/../lib/gcc/arm-none-eabi/7.2.1/../../../../arm-none-eabi/lib/thumb/v7e-m\libg_nano.a(lib_a-nano-mallocr.o)
                0x20000188                __malloc_free_list
 .bss.__malloc_sbrk_start
                0x2000018c        0x4 e:/embeded/imt/imt tools/sdk/imt_sdk_win_64/winarm/armgcc/bin/../lib/gcc/arm-none-eabi/7.2.1/../../../../arm-none-eabi/lib/thumb/v7e-m\libg_nano.a(lib_a-nano-mallocr.o)
                0x2000018c                __malloc_sbrk_start
 *(COMMON)
 COMMON         0x20000190        0x4 ./system/src/stm32f4-hal/stm32f4xx_hal.o
                0x20000190                uwTick
 COMMON         0x20000194        0x4 ./system/src/newlib/_syscalls.o
                0x20000194                errno
 COMMON         0x20000198       0xc8 ./src/AHEXAPARING_Program.o
                0x20000198                Global_u16Buffer
 *(.bss_end .bss_end.*)
 .bss_end       0x20000260        0x4 ./system/src/newlib/_startup.o
                0x20000264                . = ALIGN (0x4)
                0x20000264                __bss_end__ = .
                0x20000264                _ebss = .

.noinit_CCMRAM
 *(.noinit.CCMRAM .noinit.CCMRAM.*)

.noinit         0x20000264        0x0
                0x20000264                _noinit = .
 *(.noinit .noinit.*)
                0x20000264                . = ALIGN (0x4)
                0x20000264                _end_noinit = .
                [!provide]                PROVIDE (end, _end_noinit)
                [!provide]                PROVIDE (_end, _end_noinit)
                [!provide]                PROVIDE (__end, _end_noinit)
                [!provide]                PROVIDE (__end__, _end_noinit)

._check_stack   0x20000264      0x100
                0x20000364                . = (. + _Minimum_Stack_Size)
 *fill*         0x20000264      0x100 

.b1text
 *(.b1text)
 *(.b1rodata)
 *(.b1rodata.*)

.eb0text
 *(.eb0text)
 *(.eb0rodata)
 *(.eb0rodata.*)

.eb1text
 *(.eb1text)
 *(.eb1rodata)
 *(.eb1rodata.*)

.eb2text
 *(.eb2text)
 *(.eb2rodata)
 *(.eb2rodata.*)

.eb3text
 *(.eb3text)
 *(.eb3rodata)
 *(.eb3rodata.*)

.stab
 *(.stab)

.stabstr
 *(.stabstr)

.stab.excl
 *(.stab.excl)

.stab.exclstr
 *(.stab.exclstr)

.stab.index
 *(.stab.index)

.stab.indexstr
 *(.stab.indexstr)

.comment        0x00000000       0x7e
 *(.comment)
 .comment       0x00000000       0x7e ./system/src/stm32f4-hal/stm32f4xx_hal.o
                                 0x7f (size before relaxing)
 .comment       0x0000007e       0x7f ./system/src/stm32f4-hal/stm32f4xx_hal_cortex.o
 .comment       0x0000007e       0x7f ./system/src/stm32f4-hal/stm32f4xx_hal_rcc.o
 .comment       0x0000007e       0x7f ./system/src/newlib/_exit.o
 .comment       0x0000007e       0x7f ./system/src/newlib/_sbrk.o
 .comment       0x0000007e       0x7f ./system/src/newlib/_startup.o
 .comment       0x0000007e       0x7f ./system/src/newlib/_syscalls.o
 .comment       0x0000007e       0x7f ./system/src/newlib/assert.o
 .comment       0x0000007e       0x7f ./system/src/diag/Trace.o
 .comment       0x0000007e       0x7f ./system/src/diag/trace_impl.o
 .comment       0x0000007e       0x7f ./system/src/cortexm/_initialize_hardware.o
 .comment       0x0000007e       0x7f ./system/src/cortexm/exception_handlers.o
 .comment       0x0000007e       0x7f ./system/src/cmsis/system_stm32f4xx.o
 .comment       0x0000007e       0x7f ./system/src/cmsis/vectors_stm32f401xc.o
 .comment       0x0000007e       0x7f ./src/AHEXAPARING_Program.o
 .comment       0x0000007e       0x7f ./src/MDMA_Program.o
 .comment       0x0000007e       0x7f ./src/MEXTI_Program.o
 .comment       0x0000007e       0x7f ./src/MFDI_Program.o
 .comment       0x0000007e       0x7f ./src/MRCC_Program.o
 .comment       0x0000007e       0x7f ./src/MSPI_Program.o
 .comment       0x0000007e       0x7f ./src/MSYSTICK_Program.o
 .comment       0x0000007e       0x7f ./src/MUSART_Program.o
 .comment       0x0000007e       0x7f ./src/_initialize_hardware.o
 .comment       0x0000007e       0x7f ./src/main.o
 .comment       0x0000007e       0x7f ./src/stm32f4xx_hal_msp.o

.ARM.attributes
                0x00000000       0x31
 .ARM.attributes
                0x00000000       0x33 ./system/src/stm32f4-hal/stm32f4xx_hal.o
 .ARM.attributes
                0x00000033       0x33 ./system/src/stm32f4-hal/stm32f4xx_hal_cortex.o
 .ARM.attributes
                0x00000066       0x33 ./system/src/stm32f4-hal/stm32f4xx_hal_rcc.o
 .ARM.attributes
                0x00000099       0x33 ./system/src/newlib/_exit.o
 .ARM.attributes
                0x000000cc       0x33 ./system/src/newlib/_sbrk.o
 .ARM.attributes
                0x000000ff       0x33 ./system/src/newlib/_startup.o
 .ARM.attributes
                0x00000132       0x33 ./system/src/newlib/_syscalls.o
 .ARM.attributes
                0x00000165       0x33 ./system/src/newlib/assert.o
 .ARM.attributes
                0x00000198       0x33 ./system/src/diag/Trace.o
 .ARM.attributes
                0x000001cb       0x33 ./system/src/diag/trace_impl.o
 .ARM.attributes
                0x000001fe       0x33 ./system/src/cortexm/_initialize_hardware.o
 .ARM.attributes
                0x00000231       0x33 ./system/src/cortexm/exception_handlers.o
 .ARM.attributes
                0x00000264       0x33 ./system/src/cmsis/system_stm32f4xx.o
 .ARM.attributes
                0x00000297       0x33 ./system/src/cmsis/vectors_stm32f401xc.o
 .ARM.attributes
                0x000002ca       0x33 ./src/AHEXAPARING_Program.o
 .ARM.attributes
                0x000002fd       0x33 ./src/MDMA_Program.o
 .ARM.attributes
                0x00000330       0x33 ./src/MEXTI_Program.o
 .ARM.attributes
                0x00000363       0x33 ./src/MFDI_Program.o
 .ARM.attributes
                0x00000396       0x33 ./src/MRCC_Program.o
 .ARM.attributes
                0x000003c9       0x33 ./src/MSPI_Program.o
 .ARM.attributes
                0x000003fc       0x33 ./src/MSYSTICK_Program.o
 .ARM.attributes
                0x0000042f       0x33 ./src/MUSART_Program.o
 .ARM.attributes
                0x00000462       0x33 ./src/_initialize_hardware.o
 .ARM.attributes
                0x00000495       0x33 ./src/main.o
 .ARM.attributes
                0x000004c8       0x33 ./src/stm32f4xx_hal_msp.o
 .ARM.attributes
                0x000004fb       0x2e e:/embeded/imt/imt tools/sdk/imt_sdk_win_64/winarm/armgcc/bin/../lib/gcc/arm-none-eabi/7.2.1/../../../../arm-none-eabi/lib/thumb/v7e-m\libg_nano.a(lib_a-errno.o)
 .ARM.attributes
                0x00000529       0x2e e:/embeded/imt/imt tools/sdk/imt_sdk_win_64/winarm/armgcc/bin/../lib/gcc/arm-none-eabi/7.2.1/../../../../arm-none-eabi/lib/thumb/v7e-m\libg_nano.a(lib_a-impure.o)
 .ARM.attributes
                0x00000557       0x17 e:/embeded/imt/imt tools/sdk/imt_sdk_win_64/winarm/armgcc/bin/../lib/gcc/arm-none-eabi/7.2.1/../../../../arm-none-eabi/lib/thumb/v7e-m\libg_nano.a(lib_a-strlen.o)
 .ARM.attributes
                0x0000056e       0x2e e:/embeded/imt/imt tools/sdk/imt_sdk_win_64/winarm/armgcc/bin/../lib/gcc/arm-none-eabi/7.2.1/../../../../arm-none-eabi/lib/thumb/v7e-m\libg_nano.a(lib_a-vsnprintf.o)
 .ARM.attributes
                0x0000059c       0x2e e:/embeded/imt/imt tools/sdk/imt_sdk_win_64/winarm/armgcc/bin/../lib/gcc/arm-none-eabi/7.2.1/../../../../arm-none-eabi/lib/thumb/v7e-m\libg_nano.a(lib_a-nano-svfprintf.o)
 .ARM.attributes
                0x000005ca       0x2e e:/embeded/imt/imt tools/sdk/imt_sdk_win_64/winarm/armgcc/bin/../lib/gcc/arm-none-eabi/7.2.1/../../../../arm-none-eabi/lib/thumb/v7e-m\libg_nano.a(lib_a-nano-vfprintf_i.o)
 .ARM.attributes
                0x000005f8       0x1c e:/embeded/imt/imt tools/sdk/imt_sdk_win_64/winarm/armgcc/bin/../lib/gcc/arm-none-eabi/7.2.1/../../../../arm-none-eabi/lib/thumb/v7e-m\libg_nano.a(lib_a-memchr.o)
 .ARM.attributes
                0x00000614       0x2e e:/embeded/imt/imt tools/sdk/imt_sdk_win_64/winarm/armgcc/bin/../lib/gcc/arm-none-eabi/7.2.1/../../../../arm-none-eabi/lib/thumb/v7e-m\libg_nano.a(lib_a-memcpy-stub.o)
 .ARM.attributes
                0x00000642       0x2e e:/embeded/imt/imt tools/sdk/imt_sdk_win_64/winarm/armgcc/bin/../lib/gcc/arm-none-eabi/7.2.1/../../../../arm-none-eabi/lib/thumb/v7e-m\libg_nano.a(lib_a-memmove.o)
 .ARM.attributes
                0x00000670       0x2e e:/embeded/imt/imt tools/sdk/imt_sdk_win_64/winarm/armgcc/bin/../lib/gcc/arm-none-eabi/7.2.1/../../../../arm-none-eabi/lib/thumb/v7e-m\libg_nano.a(lib_a-nano-freer.o)
 .ARM.attributes
                0x0000069e       0x2e e:/embeded/imt/imt tools/sdk/imt_sdk_win_64/winarm/armgcc/bin/../lib/gcc/arm-none-eabi/7.2.1/../../../../arm-none-eabi/lib/thumb/v7e-m\libg_nano.a(lib_a-nano-mallocr.o)
 .ARM.attributes
                0x000006cc       0x2e e:/embeded/imt/imt tools/sdk/imt_sdk_win_64/winarm/armgcc/bin/../lib/gcc/arm-none-eabi/7.2.1/../../../../arm-none-eabi/lib/thumb/v7e-m\libg_nano.a(lib_a-nano-reallocr.o)
 .ARM.attributes
                0x000006fa       0x2e e:/embeded/imt/imt tools/sdk/imt_sdk_win_64/winarm/armgcc/bin/../lib/gcc/arm-none-eabi/7.2.1/../../../../arm-none-eabi/lib/thumb/v7e-m\libg_nano.a(lib_a-sbrkr.o)
 .ARM.attributes
                0x00000728       0x2e e:/embeded/imt/imt tools/sdk/imt_sdk_win_64/winarm/armgcc/bin/../lib/gcc/arm-none-eabi/7.2.1/../../../../arm-none-eabi/lib/thumb/v7e-m\libg_nano.a(lib_a-mlock.o)
 .ARM.attributes
                0x00000756       0x2e e:/embeded/imt/imt tools/sdk/imt_sdk_win_64/winarm/armgcc/bin/../lib/gcc/arm-none-eabi/7.2.1/../../../../arm-none-eabi/lib/thumb/v7e-m\libg_nano.a(lib_a-nano-msizer.o)

.debug
 *(.debug)

.line
 *(.line)

.debug_srcinfo
 *(.debug_srcinfo)

.debug_sfnames
 *(.debug_sfnames)

.debug_aranges  0x00000000      0x840
 *(.debug_aranges)
 .debug_aranges
                0x00000000       0xc0 ./system/src/stm32f4-hal/stm32f4xx_hal.o
 .debug_aranges
                0x000000c0       0x98 ./system/src/stm32f4-hal/stm32f4xx_hal_cortex.o
 .debug_aranges
                0x00000158       0x88 ./system/src/stm32f4-hal/stm32f4xx_hal_rcc.o
 .debug_aranges
                0x000001e0       0x28 ./system/src/newlib/_exit.o
 .debug_aranges
                0x00000208       0x20 ./system/src/newlib/_sbrk.o
 .debug_aranges
                0x00000228       0x40 ./system/src/newlib/_startup.o
 .debug_aranges
                0x00000268       0x30 ./system/src/newlib/_syscalls.o
 .debug_aranges
                0x00000298       0x28 ./system/src/newlib/assert.o
 .debug_aranges
                0x000002c0       0x38 ./system/src/diag/Trace.o
 .debug_aranges
                0x000002f8       0x30 ./system/src/diag/trace_impl.o
 .debug_aranges
                0x00000328       0x28 ./system/src/cortexm/_initialize_hardware.o
 .debug_aranges
                0x00000350       0x90 ./system/src/cortexm/exception_handlers.o
 .debug_aranges
                0x000003e0       0x28 ./system/src/cmsis/system_stm32f4xx.o
 .debug_aranges
                0x00000408       0x20 ./system/src/cmsis/vectors_stm32f401xc.o
 .debug_aranges
                0x00000428       0x30 ./src/AHEXAPARING_Program.o
 .debug_aranges
                0x00000458       0x88 ./src/MDMA_Program.o
 .debug_aranges
                0x000004e0       0xd8 ./src/MEXTI_Program.o
 .debug_aranges
                0x000005b8       0x30 ./src/MFDI_Program.o
 .debug_aranges
                0x000005e8       0x60 ./src/MRCC_Program.o
 .debug_aranges
                0x00000648       0x50 ./src/MSPI_Program.o
 .debug_aranges
                0x00000698       0xa8 ./src/MSYSTICK_Program.o
 .debug_aranges
                0x00000740       0x80 ./src/MUSART_Program.o
 .debug_aranges
                0x000007c0       0x28 ./src/_initialize_hardware.o
 .debug_aranges
                0x000007e8       0x20 ./src/main.o
 .debug_aranges
                0x00000808       0x38 ./src/stm32f4xx_hal_msp.o

.debug_pubnames
 *(.debug_pubnames)

.debug_info     0x00000000     0xe226
 *(.debug_info .gnu.linkonce.wi.*)
 .debug_info    0x00000000     0x107e ./system/src/stm32f4-hal/stm32f4xx_hal.o
 .debug_info    0x0000107e     0x1863 ./system/src/stm32f4-hal/stm32f4xx_hal_cortex.o
 .debug_info    0x000028e1     0x177e ./system/src/stm32f4-hal/stm32f4xx_hal_rcc.o
 .debug_info    0x0000405f      0x956 ./system/src/newlib/_exit.o
 .debug_info    0x000049b5      0x942 ./system/src/newlib/_sbrk.o
 .debug_info    0x000052f7      0x4bf ./system/src/newlib/_startup.o
 .debug_info    0x000057b6      0xa19 ./system/src/newlib/_syscalls.o
 .debug_info    0x000061cf      0x9ff ./system/src/newlib/assert.o
 .debug_info    0x00006bce      0xb2a ./system/src/diag/Trace.o
 .debug_info    0x000076f8      0xb6b ./system/src/diag/trace_impl.o
 .debug_info    0x00008263      0xade ./system/src/cortexm/_initialize_hardware.o
 .debug_info    0x00008d41     0x115a ./system/src/cortexm/exception_handlers.o
 .debug_info    0x00009e9b      0xcfe ./system/src/cmsis/system_stm32f4xx.o
 .debug_info    0x0000ab99       0xca ./system/src/cmsis/vectors_stm32f401xc.o
 .debug_info    0x0000ac63      0x27b ./src/AHEXAPARING_Program.o
 .debug_info    0x0000aede      0x447 ./src/MDMA_Program.o
 .debug_info    0x0000b325      0x532 ./src/MEXTI_Program.o
 .debug_info    0x0000b857      0x1c5 ./src/MFDI_Program.o
 .debug_info    0x0000ba1c      0x40a ./src/MRCC_Program.o
 .debug_info    0x0000be26      0x2e3 ./src/MSPI_Program.o
 .debug_info    0x0000c109      0x567 ./src/MSYSTICK_Program.o
 .debug_info    0x0000c670      0x431 ./src/MUSART_Program.o
 .debug_info    0x0000caa1      0xd34 ./src/_initialize_hardware.o
 .debug_info    0x0000d7d5      0x142 ./src/main.o
 .debug_info    0x0000d917      0x90f ./src/stm32f4xx_hal_msp.o

.debug_abbrev   0x00000000     0x30a6
 *(.debug_abbrev)
 .debug_abbrev  0x00000000      0x32b ./system/src/stm32f4-hal/stm32f4xx_hal.o
 .debug_abbrev  0x0000032b      0x3f1 ./system/src/stm32f4-hal/stm32f4xx_hal_cortex.o
 .debug_abbrev  0x0000071c      0x394 ./system/src/stm32f4-hal/stm32f4xx_hal_rcc.o
 .debug_abbrev  0x00000ab0      0x1f3 ./system/src/newlib/_exit.o
 .debug_abbrev  0x00000ca3      0x1fc ./system/src/newlib/_sbrk.o
 .debug_abbrev  0x00000e9f      0x1cb ./system/src/newlib/_startup.o
 .debug_abbrev  0x0000106a      0x234 ./system/src/newlib/_syscalls.o
 .debug_abbrev  0x0000129e      0x1f3 ./system/src/newlib/assert.o
 .debug_abbrev  0x00001491      0x276 ./system/src/diag/Trace.o
 .debug_abbrev  0x00001707      0x2ef ./system/src/diag/trace_impl.o
 .debug_abbrev  0x000019f6      0x1de ./system/src/cortexm/_initialize_hardware.o
 .debug_abbrev  0x00001bd4      0x32b ./system/src/cortexm/exception_handlers.o
 .debug_abbrev  0x00001eff      0x216 ./system/src/cmsis/system_stm32f4xx.o
 .debug_abbrev  0x00002115       0x9d ./system/src/cmsis/vectors_stm32f401xc.o
 .debug_abbrev  0x000021b2      0x105 ./src/AHEXAPARING_Program.o
 .debug_abbrev  0x000022b7      0x127 ./src/MDMA_Program.o
 .debug_abbrev  0x000023de      0x150 ./src/MEXTI_Program.o
 .debug_abbrev  0x0000252e      0x10b ./src/MFDI_Program.o
 .debug_abbrev  0x00002639       0xed ./src/MRCC_Program.o
 .debug_abbrev  0x00002726      0x172 ./src/MSPI_Program.o
 .debug_abbrev  0x00002898      0x1bf ./src/MSYSTICK_Program.o
 .debug_abbrev  0x00002a57      0x1a4 ./src/MUSART_Program.o
 .debug_abbrev  0x00002bfb      0x22d ./src/_initialize_hardware.o
 .debug_abbrev  0x00002e28       0xcd ./src/main.o
 .debug_abbrev  0x00002ef5      0x1b1 ./src/stm32f4xx_hal_msp.o

.debug_line     0x00000000     0x8e4f
 *(.debug_line)
 .debug_line    0x00000000      0xb9c ./system/src/stm32f4-hal/stm32f4xx_hal.o
 .debug_line    0x00000b9c      0xc93 ./system/src/stm32f4-hal/stm32f4xx_hal_cortex.o
 .debug_line    0x0000182f      0xe1e ./system/src/stm32f4-hal/stm32f4xx_hal_rcc.o
 .debug_line    0x0000264d      0x35f ./system/src/newlib/_exit.o
 .debug_line    0x000029ac      0x313 ./system/src/newlib/_sbrk.o
 .debug_line    0x00002cbf      0x3db ./system/src/newlib/_startup.o
 .debug_line    0x0000309a      0x42d ./system/src/newlib/_syscalls.o
 .debug_line    0x000034c7      0x39a ./system/src/newlib/assert.o
 .debug_line    0x00003861      0x3db ./system/src/diag/Trace.o
 .debug_line    0x00003c3c      0xacf ./system/src/diag/trace_impl.o
 .debug_line    0x0000470b      0xa38 ./system/src/cortexm/_initialize_hardware.o
 .debug_line    0x00005143      0xb86 ./system/src/cortexm/exception_handlers.o
 .debug_line    0x00005cc9      0xa3e ./system/src/cmsis/system_stm32f4xx.o
 .debug_line    0x00006707      0x106 ./system/src/cmsis/vectors_stm32f401xc.o
 .debug_line    0x0000680d      0x145 ./src/AHEXAPARING_Program.o
 .debug_line    0x00006952      0x254 ./src/MDMA_Program.o
 .debug_line    0x00006ba6      0x2b1 ./src/MEXTI_Program.o
 .debug_line    0x00006e57      0x147 ./src/MFDI_Program.o
 .debug_line    0x00006f9e      0x1cf ./src/MRCC_Program.o
 .debug_line    0x0000716d      0x18a ./src/MSPI_Program.o
 .debug_line    0x000072f7      0x28b ./src/MSYSTICK_Program.o
 .debug_line    0x00007582      0x273 ./src/MUSART_Program.o
 .debug_line    0x000077f5      0xa31 ./src/_initialize_hardware.o
 .debug_line    0x00008226      0x1f7 ./src/main.o
 .debug_line    0x0000841d      0xa32 ./src/stm32f4xx_hal_msp.o

.debug_frame    0x00000000     0x149c
 *(.debug_frame)
 .debug_frame   0x00000000      0x188 ./system/src/stm32f4-hal/stm32f4xx_hal.o
 .debug_frame   0x00000188      0x17c ./system/src/stm32f4-hal/stm32f4xx_hal_cortex.o
 .debug_frame   0x00000304      0x140 ./system/src/stm32f4-hal/stm32f4xx_hal_rcc.o
 .debug_frame   0x00000444       0x38 ./system/src/newlib/_exit.o
 .debug_frame   0x0000047c       0x28 ./system/src/newlib/_sbrk.o
 .debug_frame   0x000004a4       0x7c ./system/src/newlib/_startup.o
 .debug_frame   0x00000520       0x50 ./system/src/newlib/_syscalls.o
 .debug_frame   0x00000570       0x40 ./system/src/newlib/assert.o
 .debug_frame   0x000005b0       0x94 ./system/src/diag/Trace.o
 .debug_frame   0x00000644       0x64 ./system/src/diag/trace_impl.o
 .debug_frame   0x000006a8       0x40 ./system/src/cortexm/_initialize_hardware.o
 .debug_frame   0x000006e8      0x158 ./system/src/cortexm/exception_handlers.o
 .debug_frame   0x00000840       0x30 ./system/src/cmsis/system_stm32f4xx.o
 .debug_frame   0x00000870       0x20 ./system/src/cmsis/vectors_stm32f401xc.o
 .debug_frame   0x00000890       0x60 ./src/AHEXAPARING_Program.o
 .debug_frame   0x000008f0      0x18c ./src/MDMA_Program.o
 .debug_frame   0x00000a7c      0x228 ./src/MEXTI_Program.o
 .debug_frame   0x00000ca4       0x54 ./src/MFDI_Program.o
 .debug_frame   0x00000cf8       0xa0 ./src/MRCC_Program.o
 .debug_frame   0x00000d98       0xbc ./src/MSPI_Program.o
 .debug_frame   0x00000e54      0x190 ./src/MSYSTICK_Program.o
 .debug_frame   0x00000fe4      0x12c ./src/MUSART_Program.o
 .debug_frame   0x00001110       0x4c ./src/_initialize_hardware.o
 .debug_frame   0x0000115c       0x28 ./src/main.o
 .debug_frame   0x00001184       0x50 ./src/stm32f4xx_hal_msp.o
 .debug_frame   0x000011d4       0x20 e:/embeded/imt/imt tools/sdk/imt_sdk_win_64/winarm/armgcc/bin/../lib/gcc/arm-none-eabi/7.2.1/../../../../arm-none-eabi/lib/thumb/v7e-m\libg_nano.a(lib_a-errno.o)
 .debug_frame   0x000011f4       0x4c e:/embeded/imt/imt tools/sdk/imt_sdk_win_64/winarm/armgcc/bin/../lib/gcc/arm-none-eabi/7.2.1/../../../../arm-none-eabi/lib/thumb/v7e-m\libg_nano.a(lib_a-vsnprintf.o)
 .debug_frame   0x00001240       0x90 e:/embeded/imt/imt tools/sdk/imt_sdk_win_64/winarm/armgcc/bin/../lib/gcc/arm-none-eabi/7.2.1/../../../../arm-none-eabi/lib/thumb/v7e-m\libg_nano.a(lib_a-nano-svfprintf.o)
 .debug_frame   0x000012d0       0x60 e:/embeded/imt/imt tools/sdk/imt_sdk_win_64/winarm/armgcc/bin/../lib/gcc/arm-none-eabi/7.2.1/../../../../arm-none-eabi/lib/thumb/v7e-m\libg_nano.a(lib_a-nano-vfprintf_i.o)
 .debug_frame   0x00001330       0x28 e:/embeded/imt/imt tools/sdk/imt_sdk_win_64/winarm/armgcc/bin/../lib/gcc/arm-none-eabi/7.2.1/../../../../arm-none-eabi/lib/thumb/v7e-m\libg_nano.a(lib_a-memcpy-stub.o)
 .debug_frame   0x00001358       0x28 e:/embeded/imt/imt tools/sdk/imt_sdk_win_64/winarm/armgcc/bin/../lib/gcc/arm-none-eabi/7.2.1/../../../../arm-none-eabi/lib/thumb/v7e-m\libg_nano.a(lib_a-memmove.o)
 .debug_frame   0x00001380       0x38 e:/embeded/imt/imt tools/sdk/imt_sdk_win_64/winarm/armgcc/bin/../lib/gcc/arm-none-eabi/7.2.1/../../../../arm-none-eabi/lib/thumb/v7e-m\libg_nano.a(lib_a-nano-freer.o)
 .debug_frame   0x000013b8       0x2c e:/embeded/imt/imt tools/sdk/imt_sdk_win_64/winarm/armgcc/bin/../lib/gcc/arm-none-eabi/7.2.1/../../../../arm-none-eabi/lib/thumb/v7e-m\libg_nano.a(lib_a-nano-mallocr.o)
 .debug_frame   0x000013e4       0x3c e:/embeded/imt/imt tools/sdk/imt_sdk_win_64/winarm/armgcc/bin/../lib/gcc/arm-none-eabi/7.2.1/../../../../arm-none-eabi/lib/thumb/v7e-m\libg_nano.a(lib_a-nano-reallocr.o)
 .debug_frame   0x00001420       0x2c e:/embeded/imt/imt tools/sdk/imt_sdk_win_64/winarm/armgcc/bin/../lib/gcc/arm-none-eabi/7.2.1/../../../../arm-none-eabi/lib/thumb/v7e-m\libg_nano.a(lib_a-sbrkr.o)
 .debug_frame   0x0000144c       0x30 e:/embeded/imt/imt tools/sdk/imt_sdk_win_64/winarm/armgcc/bin/../lib/gcc/arm-none-eabi/7.2.1/../../../../arm-none-eabi/lib/thumb/v7e-m\libg_nano.a(lib_a-mlock.o)
 .debug_frame   0x0000147c       0x20 e:/embeded/imt/imt tools/sdk/imt_sdk_win_64/winarm/armgcc/bin/../lib/gcc/arm-none-eabi/7.2.1/../../../../arm-none-eabi/lib/thumb/v7e-m\libg_nano.a(lib_a-nano-msizer.o)

.debug_str      0x00000000    0x77cce
 *(.debug_str)
 .debug_str     0x00000000    0x6fc49 ./system/src/stm32f4-hal/stm32f4xx_hal.o
                              0x70082 (size before relaxing)
 .debug_str     0x0006fc49      0x391 ./system/src/stm32f4-hal/stm32f4xx_hal_cortex.o
                              0x6feec (size before relaxing)
 .debug_str     0x0006ffda      0x400 ./system/src/stm32f4-hal/stm32f4xx_hal_rcc.o
                              0x6fc04 (size before relaxing)
 .debug_str     0x000703da     0x10ff ./system/src/newlib/_exit.o
                               0x7ee3 (size before relaxing)
 .debug_str     0x000714d9      0x4f5 ./system/src/newlib/_sbrk.o
                               0x7295 (size before relaxing)
 .debug_str     0x000719ce      0x2c6 ./system/src/newlib/_startup.o
                               0x6a36 (size before relaxing)
 .debug_str     0x00071c94      0xe8b ./system/src/newlib/_syscalls.o
                               0x8170 (size before relaxing)
 .debug_str     0x00072b1f       0xd0 ./system/src/newlib/assert.o
                               0x89e8 (size before relaxing)
 .debug_str     0x00072bef      0x176 ./system/src/diag/Trace.o
                               0x865b (size before relaxing)
 .debug_str     0x00072d65      0x37b ./system/src/diag/trace_impl.o
                              0x70981 (size before relaxing)
 .debug_str     0x000730e0       0x5e ./system/src/cortexm/_initialize_hardware.o
                              0x6f713 (size before relaxing)
 .debug_str     0x0007313e      0x19d ./system/src/cortexm/exception_handlers.o
                              0x70b0b (size before relaxing)
 .debug_str     0x000732db       0x46 ./system/src/cmsis/system_stm32f4xx.o
                              0x6f7f4 (size before relaxing)
 .debug_str     0x00073321       0x59 ./system/src/cmsis/vectors_stm32f401xc.o
                               0x3873 (size before relaxing)
 .debug_str     0x0007337a      0x2bf ./src/AHEXAPARING_Program.o
                               0x304c (size before relaxing)
 .debug_str     0x00073639     0x13a3 ./src/MDMA_Program.o
                               0x4279 (size before relaxing)
 .debug_str     0x000749dc      0x510 ./src/MEXTI_Program.o
                               0x3416 (size before relaxing)
 .debug_str     0x00074eec      0x3b5 ./src/MFDI_Program.o
                               0x32da (size before relaxing)
 .debug_str     0x000752a1      0x821 ./src/MRCC_Program.o
                               0x37de (size before relaxing)
 .debug_str     0x00075ac2      0xb06 ./src/MSPI_Program.o
                               0x39f9 (size before relaxing)
 .debug_str     0x000765c8      0x4c8 ./src/MSYSTICK_Program.o
                               0x37fc (size before relaxing)
 .debug_str     0x00076a90      0xa81 ./src/MUSART_Program.o
                               0x3e04 (size before relaxing)
 .debug_str     0x00077511       0x31 ./src/_initialize_hardware.o
                              0x6f90a (size before relaxing)
 .debug_str     0x00077542      0x74f ./src/main.o
                               0x4336 (size before relaxing)
 .debug_str     0x00077c91       0x3d ./src/stm32f4xx_hal_msp.o
                              0x6f65b (size before relaxing)

.debug_loc      0x00000000     0x2961
 *(.debug_loc)
 .debug_loc     0x00000000       0x92 ./system/src/stm32f4-hal/stm32f4xx_hal.o
 .debug_loc     0x00000092      0x73b ./system/src/stm32f4-hal/stm32f4xx_hal_cortex.o
 .debug_loc     0x000007cd      0x50a ./system/src/stm32f4-hal/stm32f4xx_hal_rcc.o
 .debug_loc     0x00000cd7       0x85 ./system/src/newlib/_sbrk.o
 .debug_loc     0x00000d5c      0x2cb ./system/src/newlib/_startup.o
 .debug_loc     0x00001027       0x63 ./system/src/newlib/_syscalls.o
 .debug_loc     0x0000108a      0x134 ./system/src/newlib/assert.o
 .debug_loc     0x000011be       0xf6 ./system/src/diag/Trace.o
 .debug_loc     0x000012b4      0x121 ./system/src/diag/trace_impl.o
 .debug_loc     0x000013d5      0x291 ./system/src/cortexm/exception_handlers.o
 .debug_loc     0x00001666      0x13e ./system/src/cmsis/system_stm32f4xx.o
 .debug_loc     0x000017a4      0x1fc ./src/AHEXAPARING_Program.o
 .debug_loc     0x000019a0      0x44c ./src/MDMA_Program.o
 .debug_loc     0x00001dec      0x196 ./src/MEXTI_Program.o
 .debug_loc     0x00001f82       0x9e ./src/MFDI_Program.o
 .debug_loc     0x00002020      0x319 ./src/MRCC_Program.o
 .debug_loc     0x00002339       0xfd ./src/MSPI_Program.o
 .debug_loc     0x00002436      0x38a ./src/MSYSTICK_Program.o
 .debug_loc     0x000027c0      0x1a1 ./src/MUSART_Program.o

.debug_macinfo
 *(.debug_macinfo)

.debug_weaknames
 *(.debug_weaknames)

.debug_funcnames
 *(.debug_funcnames)

.debug_typenames
 *(.debug_typenames)

.debug_varnames
 *(.debug_varnames)
OUTPUT(ARM_DRIVERS.elf elf32-littlearm)

.debug_ranges   0x00000000      0x7b8
 .debug_ranges  0x00000000       0xb0 ./system/src/stm32f4-hal/stm32f4xx_hal.o
 .debug_ranges  0x000000b0       0xe8 ./system/src/stm32f4-hal/stm32f4xx_hal_cortex.o
 .debug_ranges  0x00000198       0x78 ./system/src/stm32f4-hal/stm32f4xx_hal_rcc.o
 .debug_ranges  0x00000210       0x18 ./system/src/newlib/_exit.o
 .debug_ranges  0x00000228       0x10 ./system/src/newlib/_sbrk.o
 .debug_ranges  0x00000238       0x90 ./system/src/newlib/_startup.o
 .debug_ranges  0x000002c8       0x20 ./system/src/newlib/_syscalls.o
 .debug_ranges  0x000002e8       0x18 ./system/src/newlib/assert.o
 .debug_ranges  0x00000300       0x28 ./system/src/diag/Trace.o
 .debug_ranges  0x00000328       0x50 ./system/src/diag/trace_impl.o
 .debug_ranges  0x00000378       0x18 ./system/src/cortexm/_initialize_hardware.o
 .debug_ranges  0x00000390       0x80 ./system/src/cortexm/exception_handlers.o
 .debug_ranges  0x00000410       0x18 ./system/src/cmsis/system_stm32f4xx.o
 .debug_ranges  0x00000428       0x10 ./system/src/cmsis/vectors_stm32f401xc.o
 .debug_ranges  0x00000438       0x20 ./src/AHEXAPARING_Program.o
 .debug_ranges  0x00000458       0x78 ./src/MDMA_Program.o
 .debug_ranges  0x000004d0       0xc8 ./src/MEXTI_Program.o
 .debug_ranges  0x00000598       0x20 ./src/MFDI_Program.o
 .debug_ranges  0x000005b8       0x50 ./src/MRCC_Program.o
 .debug_ranges  0x00000608       0x40 ./src/MSPI_Program.o
 .debug_ranges  0x00000648       0xb0 ./src/MSYSTICK_Program.o
 .debug_ranges  0x000006f8       0x70 ./src/MUSART_Program.o
 .debug_ranges  0x00000768       0x18 ./src/_initialize_hardware.o
 .debug_ranges  0x00000780       0x10 ./src/main.o
 .debug_ranges  0x00000790       0x28 ./src/stm32f4xx_hal_msp.o

.debug_macro    0x00000000    0x15f1d
 .debug_macro   0x00000000      0x532 ./system/src/stm32f4-hal/stm32f4xx_hal.o
 .debug_macro   0x00000532      0xa6c ./system/src/stm32f4-hal/stm32f4xx_hal.o
 .debug_macro   0x00000f9e      0x289 ./system/src/stm32f4-hal/stm32f4xx_hal.o
 .debug_macro   0x00001227       0x31 ./system/src/stm32f4-hal/stm32f4xx_hal.o
 .debug_macro   0x00001258       0x28 ./system/src/stm32f4-hal/stm32f4xx_hal.o
 .debug_macro   0x00001280      0x34e ./system/src/stm32f4-hal/stm32f4xx_hal.o
 .debug_macro   0x000015ce       0x35 ./system/src/stm32f4-hal/stm32f4xx_hal.o
 .debug_macro   0x00001603       0x50 ./system/src/stm32f4-hal/stm32f4xx_hal.o
 .debug_macro   0x00001653      0xe66 ./system/src/stm32f4-hal/stm32f4xx_hal.o
 .debug_macro   0x000024b9     0x5099 ./system/src/stm32f4-hal/stm32f4xx_hal.o
 .debug_macro   0x00007552       0x43 ./system/src/stm32f4-hal/stm32f4xx_hal.o
 .debug_macro   0x00007595     0x347f ./system/src/stm32f4-hal/stm32f4xx_hal.o
 .debug_macro   0x0000aa14       0x22 ./system/src/stm32f4-hal/stm32f4xx_hal.o
 .debug_macro   0x0000aa36       0x52 ./system/src/stm32f4-hal/stm32f4xx_hal.o
 .debug_macro   0x0000aa88       0x17 ./system/src/stm32f4-hal/stm32f4xx_hal.o
 .debug_macro   0x0000aa9f       0x8d ./system/src/stm32f4-hal/stm32f4xx_hal.o
 .debug_macro   0x0000ab2c       0x35 ./system/src/stm32f4-hal/stm32f4xx_hal.o
 .debug_macro   0x0000ab61       0x9c ./system/src/stm32f4-hal/stm32f4xx_hal.o
 .debug_macro   0x0000abfd       0x16 ./system/src/stm32f4-hal/stm32f4xx_hal.o
 .debug_macro   0x0000ac13       0x57 ./system/src/stm32f4-hal/stm32f4xx_hal.o
 .debug_macro   0x0000ac6a       0x97 ./system/src/stm32f4-hal/stm32f4xx_hal.o
 .debug_macro   0x0000ad01      0x330 ./system/src/stm32f4-hal/stm32f4xx_hal.o
 .debug_macro   0x0000b031       0xfd ./system/src/stm32f4-hal/stm32f4xx_hal.o
 .debug_macro   0x0000b12e       0x10 ./system/src/stm32f4-hal/stm32f4xx_hal.o
 .debug_macro   0x0000b13e       0x58 ./system/src/stm32f4-hal/stm32f4xx_hal.o
 .debug_macro   0x0000b196       0x1f ./system/src/stm32f4-hal/stm32f4xx_hal.o
 .debug_macro   0x0000b1b5       0x43 ./system/src/stm32f4-hal/stm32f4xx_hal.o
 .debug_macro   0x0000b1f8       0x20 ./system/src/stm32f4-hal/stm32f4xx_hal.o
 .debug_macro   0x0000b218      0x18e ./system/src/stm32f4-hal/stm32f4xx_hal.o
 .debug_macro   0x0000b3a6       0x10 ./system/src/stm32f4-hal/stm32f4xx_hal.o
 .debug_macro   0x0000b3b6       0x6a ./system/src/stm32f4-hal/stm32f4xx_hal.o
 .debug_macro   0x0000b420       0x1c ./system/src/stm32f4-hal/stm32f4xx_hal.o
 .debug_macro   0x0000b43c       0x52 ./system/src/stm32f4-hal/stm32f4xx_hal.o
 .debug_macro   0x0000b48e       0x40 ./system/src/stm32f4-hal/stm32f4xx_hal.o
 .debug_macro   0x0000b4ce       0x10 ./system/src/stm32f4-hal/stm32f4xx_hal.o
 .debug_macro   0x0000b4de       0x40 ./system/src/stm32f4-hal/stm32f4xx_hal.o
 .debug_macro   0x0000b51e       0xd7 ./system/src/stm32f4-hal/stm32f4xx_hal.o
 .debug_macro   0x0000b5f5       0x1c ./system/src/stm32f4-hal/stm32f4xx_hal.o
 .debug_macro   0x0000b611       0x3d ./system/src/stm32f4-hal/stm32f4xx_hal.o
 .debug_macro   0x0000b64e       0x16 ./system/src/stm32f4-hal/stm32f4xx_hal.o
 .debug_macro   0x0000b664      0x16f ./system/src/stm32f4-hal/stm32f4xx_hal.o
 .debug_macro   0x0000b7d3       0x57 ./system/src/stm32f4-hal/stm32f4xx_hal.o
 .debug_macro   0x0000b82a      0x424 ./system/src/stm32f4-hal/stm32f4xx_hal.o
 .debug_macro   0x0000bc4e      0x9e1 ./system/src/stm32f4-hal/stm32f4xx_hal.o
 .debug_macro   0x0000c62f      0x11e ./system/src/stm32f4-hal/stm32f4xx_hal.o
 .debug_macro   0x0000c74d       0xf8 ./system/src/stm32f4-hal/stm32f4xx_hal.o
 .debug_macro   0x0000c845       0x27 ./system/src/stm32f4-hal/stm32f4xx_hal.o
 .debug_macro   0x0000c86c      0x287 ./system/src/stm32f4-hal/stm32f4xx_hal.o
 .debug_macro   0x0000caf3       0x5f ./system/src/stm32f4-hal/stm32f4xx_hal.o
 .debug_macro   0x0000cb52      0x23a ./system/src/stm32f4-hal/stm32f4xx_hal.o
 .debug_macro   0x0000cd8c      0x391 ./system/src/stm32f4-hal/stm32f4xx_hal.o
 .debug_macro   0x0000d11d      0x16f ./system/src/stm32f4-hal/stm32f4xx_hal.o
 .debug_macro   0x0000d28c       0xf9 ./system/src/stm32f4-hal/stm32f4xx_hal.o
 .debug_macro   0x0000d385       0x23 ./system/src/stm32f4-hal/stm32f4xx_hal.o
 .debug_macro   0x0000d3a8      0x13a ./system/src/stm32f4-hal/stm32f4xx_hal.o
 .debug_macro   0x0000d4e2      0x23a ./system/src/stm32f4-hal/stm32f4xx_hal.o
 .debug_macro   0x0000d71c       0x2e ./system/src/stm32f4-hal/stm32f4xx_hal.o
 .debug_macro   0x0000d74a      0x1a7 ./system/src/stm32f4-hal/stm32f4xx_hal.o
 .debug_macro   0x0000d8f1       0x22 ./system/src/stm32f4-hal/stm32f4xx_hal.o
 .debug_macro   0x0000d913       0xa5 ./system/src/stm32f4-hal/stm32f4xx_hal.o
 .debug_macro   0x0000d9b8      0x18b ./system/src/stm32f4-hal/stm32f4xx_hal.o
 .debug_macro   0x0000db43       0x24 ./system/src/stm32f4-hal/stm32f4xx_hal.o
 .debug_macro   0x0000db67       0x35 ./system/src/stm32f4-hal/stm32f4xx_hal.o
 .debug_macro   0x0000db9c       0x79 ./system/src/stm32f4-hal/stm32f4xx_hal.o
 .debug_macro   0x0000dc15      0x11e ./system/src/stm32f4-hal/stm32f4xx_hal.o
 .debug_macro   0x0000dd33       0x85 ./system/src/stm32f4-hal/stm32f4xx_hal.o
 .debug_macro   0x0000ddb8       0x89 ./system/src/stm32f4-hal/stm32f4xx_hal.o
 .debug_macro   0x0000de41      0x31a ./system/src/stm32f4-hal/stm32f4xx_hal.o
 .debug_macro   0x0000e15b      0x409 ./system/src/stm32f4-hal/stm32f4xx_hal.o
 .debug_macro   0x0000e564       0xe4 ./system/src/stm32f4-hal/stm32f4xx_hal.o
 .debug_macro   0x0000e648      0x48d ./system/src/stm32f4-hal/stm32f4xx_hal.o
 .debug_macro   0x0000ead5      0x22b ./system/src/stm32f4-hal/stm32f4xx_hal.o
 .debug_macro   0x0000ed00      0x202 ./system/src/stm32f4-hal/stm32f4xx_hal.o
 .debug_macro   0x0000ef02      0x6d9 ./system/src/stm32f4-hal/stm32f4xx_hal.o
 .debug_macro   0x0000f5db       0x5b ./system/src/stm32f4-hal/stm32f4xx_hal.o
 .debug_macro   0x0000f636      0x14d ./system/src/stm32f4-hal/stm32f4xx_hal.o
 .debug_macro   0x0000f783      0x287 ./system/src/stm32f4-hal/stm32f4xx_hal.o
 .debug_macro   0x0000fa0a      0x225 ./system/src/stm32f4-hal/stm32f4xx_hal.o
 .debug_macro   0x0000fc2f      0x1b5 ./system/src/stm32f4-hal/stm32f4xx_hal.o
 .debug_macro   0x0000fde4      0x2db ./system/src/stm32f4-hal/stm32f4xx_hal.o
 .debug_macro   0x000100bf       0x89 ./system/src/stm32f4-hal/stm32f4xx_hal.o
 .debug_macro   0x00010148      0x1df ./system/src/stm32f4-hal/stm32f4xx_hal.o
 .debug_macro   0x00010327      0x115 ./system/src/stm32f4-hal/stm32f4xx_hal.o
 .debug_macro   0x0001043c       0x6e ./system/src/stm32f4-hal/stm32f4xx_hal.o
 .debug_macro   0x000104aa      0x11e ./system/src/stm32f4-hal/stm32f4xx_hal.o
 .debug_macro   0x000105c8      0x4e4 ./system/src/stm32f4-hal/stm32f4xx_hal_cortex.o
 .debug_macro   0x00010aac      0x50e ./system/src/stm32f4-hal/stm32f4xx_hal_rcc.o
 .debug_macro   0x00010fba      0x1b4 ./system/src/newlib/_exit.o
 .debug_macro   0x0001116e      0x10e ./system/src/newlib/_exit.o
 .debug_macro   0x0001127c       0x8d ./system/src/newlib/_exit.o
 .debug_macro   0x00011309       0x35 ./system/src/newlib/_exit.o
 .debug_macro   0x0001133e      0x169 ./system/src/newlib/_sbrk.o
 .debug_macro   0x000114a7      0x174 ./system/src/newlib/_sbrk.o
 .debug_macro   0x0001161b       0x10 ./system/src/newlib/_sbrk.o
 .debug_macro   0x0001162b      0x23b ./system/src/newlib/_sbrk.o
 .debug_macro   0x00011866      0x173 ./system/src/newlib/_startup.o
 .debug_macro   0x000119d9      0xa72 ./system/src/newlib/_startup.o
 .debug_macro   0x0001244b      0x217 ./system/src/newlib/_syscalls.o
 .debug_macro   0x00012662       0x1c ./system/src/newlib/_syscalls.o
 .debug_macro   0x0001267e       0x10 ./system/src/newlib/_syscalls.o
 .debug_macro   0x0001268e       0x10 ./system/src/newlib/_syscalls.o
 .debug_macro   0x0001269e       0x10 ./system/src/newlib/_syscalls.o
 .debug_macro   0x000126ae       0x35 ./system/src/newlib/_syscalls.o
 .debug_macro   0x000126e3      0x122 ./system/src/newlib/_syscalls.o
 .debug_macro   0x00012805       0x88 ./system/src/newlib/_syscalls.o
 .debug_macro   0x0001288d       0x2b ./system/src/newlib/_syscalls.o
 .debug_macro   0x000128b8      0x118 ./system/src/newlib/_syscalls.o
 .debug_macro   0x000129d0      0x189 ./system/src/newlib/_syscalls.o
 .debug_macro   0x00012b59       0x16 ./system/src/newlib/_syscalls.o
 .debug_macro   0x00012b6f      0x1d0 ./system/src/newlib/assert.o
 .debug_macro   0x00012d3f       0x1c ./system/src/newlib/assert.o
 .debug_macro   0x00012d5b      0x1fb ./system/src/diag/Trace.o
 .debug_macro   0x00012f56       0x4c ./system/src/diag/Trace.o
 .debug_macro   0x00012fa2       0x16 ./system/src/diag/Trace.o
 .debug_macro   0x00012fb8      0x52a ./system/src/diag/trace_impl.o
 .debug_macro   0x000134e2       0x22 ./system/src/diag/trace_impl.o
 .debug_macro   0x00013504      0x4ee ./system/src/cortexm/_initialize_hardware.o
 .debug_macro   0x000139f2      0x557 ./system/src/cortexm/exception_handlers.o
 .debug_macro   0x00013f49       0x3b ./system/src/cortexm/exception_handlers.o
 .debug_macro   0x00013f84      0x4ea ./system/src/cmsis/system_stm32f4xx.o
 .debug_macro   0x0001446e       0x34 ./system/src/cmsis/vectors_stm32f401xc.o
 .debug_macro   0x000144a2       0x37 ./src/AHEXAPARING_Program.o
 .debug_macro   0x000144d9       0x34 ./src/AHEXAPARING_Program.o
 .debug_macro   0x0001450d       0x10 ./src/AHEXAPARING_Program.o
 .debug_macro   0x0001451d       0x3e ./src/MDMA_Program.o
 .debug_macro   0x0001455b      0x28e ./src/MDMA_Program.o
 .debug_macro   0x000147e9      0x2b8 ./src/MDMA_Program.o
 .debug_macro   0x00014aa1       0x16 ./src/MDMA_Program.o
 .debug_macro   0x00014ab7       0x3f ./src/MEXTI_Program.o
 .debug_macro   0x00014af6       0x2e ./src/MEXTI_Program.o
 .debug_macro   0x00014b24       0x40 ./src/MFDI_Program.o
 .debug_macro   0x00014b64      0x100 ./src/MFDI_Program.o
 .debug_macro   0x00014c64       0x42 ./src/MRCC_Program.o
 .debug_macro   0x00014ca6      0x148 ./src/MRCC_Program.o
 .debug_macro   0x00014dee       0xac ./src/MRCC_Program.o
 .debug_macro   0x00014e9a       0x16 ./src/MRCC_Program.o
 .debug_macro   0x00014eb0       0x3f ./src/MSPI_Program.o
 .debug_macro   0x00014eef       0x5e ./src/MSPI_Program.o
 .debug_macro   0x00014f4d      0x220 ./src/MSPI_Program.o
 .debug_macro   0x0001516d       0x48 ./src/MSYSTICK_Program.o
 .debug_macro   0x000151b5       0x16 ./src/MSYSTICK_Program.o
 .debug_macro   0x000151cb       0x5e ./src/MSYSTICK_Program.o
 .debug_macro   0x00015229       0x48 ./src/MUSART_Program.o
 .debug_macro   0x00015271      0x1ed ./src/MUSART_Program.o
 .debug_macro   0x0001545e       0x88 ./src/MUSART_Program.o
 .debug_macro   0x000154e6      0x4e4 ./src/_initialize_hardware.o
 .debug_macro   0x000159ca       0x6f ./src/main.o
 .debug_macro   0x00015a39      0x4e4 ./src/stm32f4xx_hal_msp.o
